
PROGRAM "C:\Users\darkmoon\Documents\prackaMPC\prackaRTOS\bin\Project.abs"

*********************************************************************************************
TARGET SECTION
---------------------------------------------------------------------------------------------
Processor   : Freescale HC08
Memory Model: SMALL
File Format : ELF\DWARF 2.0
Linker      : SmartLinker V-5.0.37 Build 9279, Oct  7 2009

*********************************************************************************************
FILE SECTION
---------------------------------------------------------------------------------------------
disp_gb60.asm.o                         Model: SMALL,         Lang: Assembler
gpio.c.o                                Model: SMALL,         Lang: ANSI-C
main.c.o                                Model: SMALL,         Lang: ANSI-C
main.asm.o                              Model: SMALL,         Lang: Assembler
MATH08F.C.o (ansifs.lib)                Model: SMALL,         Lang: ANSI-C
PRINTF.C.o (ansifs.lib)                 Model: SMALL,         Lang: ANSI-C
RTSHC08.C.o (ansifs.lib)                Model: SMALL,         Lang: ANSI-C
STRING.C.o (ansifs.lib)                 Model: SMALL,         Lang: ANSI-C
MC9S08GB60.C.o                          Model: SMALL,         Lang: ANSI-C
Start08.c.o                             Model: SMALL,         Lang: ANSI-C
D:\wsd\rtmon\rtmon\build\codewarrior\gb60\rtmon_hc08gb60_Data\Standard\ObjectCode\rtmon_psbs.c.o (rtmon.lib)Model: SMALL,         Lang: ANSI-C
D:\wsd\rtmon\rtmon\build\codewarrior\gb60\rtmon_hc08gb60_Data\Standard\ObjectCode\rtmon_asm.asm.o (rtmon.lib)Model: SMALL,         Lang: Assembler
D:\wsd\rtmon\rtmon\build\codewarrior\gb60\rtmon_hc08gb60_Data\Standard\ObjectCode\rtmon_services.c.o (rtmon.lib)Model: SMALL,         Lang: ANSI-C
D:\wsd\rtmon\rtmon\build\codewarrior\gb60\rtmon_hc08gb60_Data\Standard\ObjectCode\rtmon.c.o (rtmon.lib)Model: SMALL,         Lang: ANSI-C
D:\wsd\rtmon\rtmon\build\codewarrior\gb60\rtmon_hc08gb60_Data\Standard\ObjectCode\rtmon_data.c.o (rtmon.lib)Model: SMALL,         Lang: ANSI-C
sci_gb60.asm.o                          Model: SMALL,         Lang: Assembler
driver.c.o                              Model: SMALL,         Lang: ANSI-C

*********************************************************************************************
STARTUP SECTION
---------------------------------------------------------------------------------------------
Entry point: 0x18A7 (_Startup)
_startupData is allocated at 0x18B0 and uses 6 Bytes
extern struct _tagStartup {
  unsigned nofZeroOut     3
  _Range   pZeroOut       0x80     1
                          0x100     16
                          0x190     1388
  _Copy    *toCopyDownBeg 0x4ACE
} _startupData;

*********************************************************************************************
SECTION-ALLOCATION SECTION
Section Name                    Size  Type     From       To       Segment
---------------------------------------------------------------------------------------------
.data                             16   R/W      0x100      0x10F   RAM
.stack                           128   R/W      0x110      0x18F   RAM
.init                            132     R     0x182C     0x18AF   ROM
.startData                        18     R     0x18B0     0x18C1   ROM
.rodata                          212     R     0x18C2     0x1995   ROM
.rodata1                         546     R     0x1996     0x1BB7   ROM
.text                          11546     R     0x1BB8     0x48D1   ROM
.copy                             22     R     0x4ACE     0x4AE3   ROM
MY_ZEROPAGE                        1   R/W       0x80       0x80   Z_RAM
.abs_section_0                     1   N/I        0x0        0x0   .absSeg108
.abs_section_1                     1   N/I        0x1        0x1   .absSeg109
.abs_section_2                     1   N/I        0x2        0x2   .absSeg110
.abs_section_3                     1   N/I        0x3        0x3   .absSeg111
.abs_section_4                     1   N/I        0x4        0x4   .absSeg112
.abs_section_5                     1   N/I        0x5        0x5   .absSeg113
.abs_section_6                     1   N/I        0x6        0x6   .absSeg114
.abs_section_7                     1   N/I        0x7        0x7   .absSeg115
.abs_section_8                     1   N/I        0x8        0x8   .absSeg116
.abs_section_9                     1   N/I        0x9        0x9   .absSeg117
.abs_section_a                     1   N/I        0xA        0xA   .absSeg118
.abs_section_b                     1   N/I        0xB        0xB   .absSeg119
.abs_section_c                     1   N/I        0xC        0xC   .absSeg120
.abs_section_d                     1   N/I        0xD        0xD   .absSeg121
.abs_section_e                     1   N/I        0xE        0xE   .absSeg122
.abs_section_f                     1   N/I        0xF        0xF   .absSeg123
.abs_section_10                    1   N/I       0x10       0x10   .absSeg124
.abs_section_11                    1   N/I       0x11       0x11   .absSeg125
.abs_section_12                    1   N/I       0x12       0x12   .absSeg126
.abs_section_13                    1   N/I       0x13       0x13   .absSeg127
.abs_section_14                    1   N/I       0x14       0x14   .absSeg128
.abs_section_16                    1   N/I       0x16       0x16   .absSeg129
.abs_section_17                    1   N/I       0x17       0x17   .absSeg130
.abs_section_1a                    1   N/I       0x1A       0x1A   .absSeg131
.abs_section_1b                    1   N/I       0x1B       0x1B   .absSeg132
.abs_section_1c                    1   N/I       0x1C       0x1C   .absSeg133
.abs_section_1d                    1   N/I       0x1D       0x1D   .absSeg134
.abs_section_1e                    1   N/I       0x1E       0x1E   .absSeg135
.abs_section_1f                    1   N/I       0x1F       0x1F   .absSeg136
.abs_section_22                    1   N/I       0x22       0x22   .absSeg137
.abs_section_23                    1   N/I       0x23       0x23   .absSeg138
.abs_section_24                    1   N/I       0x24       0x24   .absSeg139
.abs_section_25                    1   N/I       0x25       0x25   .absSeg140
.abs_section_26                    1   N/I       0x26       0x26   .absSeg141
.abs_section_27                    1   N/I       0x27       0x27   .absSeg142
.abs_section_28                    1   N/I       0x28       0x28   .absSeg143
.abs_section_29                    1   N/I       0x29       0x29   .absSeg144
.abs_section_2a                    1   N/I       0x2A       0x2A   .absSeg145
.abs_section_2b                    1   N/I       0x2B       0x2B   .absSeg146
.abs_section_2d                    1   N/I       0x2D       0x2D   .absSeg147
.abs_section_30                    1   N/I       0x30       0x30   .absSeg148
.abs_section_35                    1   N/I       0x35       0x35   .absSeg149
.abs_section_38                    1   N/I       0x38       0x38   .absSeg150
.abs_section_3b                    1   N/I       0x3B       0x3B   .absSeg151
.abs_section_40                    1   N/I       0x40       0x40   .absSeg152
.abs_section_41                    1   N/I       0x41       0x41   .absSeg153
.abs_section_42                    1   N/I       0x42       0x42   .absSeg154
.abs_section_43                    1   N/I       0x43       0x43   .absSeg155
.abs_section_44                    1   N/I       0x44       0x44   .absSeg156
.abs_section_45                    1   N/I       0x45       0x45   .absSeg157
.abs_section_46                    1   N/I       0x46       0x46   .absSeg158
.abs_section_47                    1   N/I       0x47       0x47   .absSeg159
.abs_section_48                    1   N/I       0x48       0x48   .absSeg160
.abs_section_49                    1   N/I       0x49       0x49   .absSeg161
.abs_section_4a                    1   N/I       0x4A       0x4A   .absSeg162
.abs_section_4b                    1   N/I       0x4B       0x4B   .absSeg163
.abs_section_4e                    1   N/I       0x4E       0x4E   .absSeg164
.abs_section_50                    1   N/I       0x50       0x50   .absSeg165
.abs_section_51                    1   N/I       0x51       0x51   .absSeg166
.abs_section_54                    1   N/I       0x54       0x54   .absSeg167
.abs_section_58                    1   N/I       0x58       0x58   .absSeg168
.abs_section_59                    1   N/I       0x59       0x59   .absSeg169
.abs_section_5a                    1   N/I       0x5A       0x5A   .absSeg170
.abs_section_5b                    1   N/I       0x5B       0x5B   .absSeg171
.abs_section_5c                    1   N/I       0x5C       0x5C   .absSeg172
.abs_section_60                    1   N/I       0x60       0x60   .absSeg173
.abs_section_65                    1   N/I       0x65       0x65   .absSeg174
.abs_section_68                    1   N/I       0x68       0x68   .absSeg175
.abs_section_6b                    1   N/I       0x6B       0x6B   .absSeg176
.abs_section_6e                    1   N/I       0x6E       0x6E   .absSeg177
.abs_section_71                    1   N/I       0x71       0x71   .absSeg178
.abs_section_1800                  1   N/I     0x1800     0x1800   .absSeg179
.abs_section_1801                  1   N/I     0x1801     0x1801   .absSeg180
.abs_section_1802                  1   N/I     0x1802     0x1802   .absSeg181
.abs_section_1808                  1   N/I     0x1808     0x1808   .absSeg182
.abs_section_1809                  1   N/I     0x1809     0x1809   .absSeg183
.abs_section_180a                  1   N/I     0x180A     0x180A   .absSeg184
.abs_section_1810                  1   N/I     0x1810     0x1810   .absSeg185
.abs_section_1811                  1   N/I     0x1811     0x1811   .absSeg186
.abs_section_1812                  1   N/I     0x1812     0x1812   .absSeg187
.abs_section_1813                  1   N/I     0x1813     0x1813   .absSeg188
.abs_section_1816                  1   N/I     0x1816     0x1816   .absSeg189
.abs_section_1817                  1   N/I     0x1817     0x1817   .absSeg190
.abs_section_1818                  1   N/I     0x1818     0x1818   .absSeg191
.abs_section_1820                  1   N/I     0x1820     0x1820   .absSeg192
.abs_section_1821                  1   N/I     0x1821     0x1821   .absSeg193
.abs_section_1823                  1   N/I     0x1823     0x1823   .absSeg194
.abs_section_1824                  1   N/I     0x1824     0x1824   .absSeg195
.abs_section_1825                  1   N/I     0x1825     0x1825   .absSeg196
.abs_section_1826                  1   N/I     0x1826     0x1826   .absSeg197
.abs_section_18                    2   N/I       0x18       0x19   .absSeg198
.abs_section_20                    2   N/I       0x20       0x21   .absSeg199
.abs_section_31                    2   N/I       0x31       0x32   .absSeg200
.abs_section_33                    2   N/I       0x33       0x34   .absSeg201
.abs_section_36                    2   N/I       0x36       0x37   .absSeg202
.abs_section_39                    2   N/I       0x39       0x3A   .absSeg203
.abs_section_3c                    2   N/I       0x3C       0x3D   .absSeg204
.abs_section_4c                    2   N/I       0x4C       0x4D   .absSeg205
.abs_section_52                    2   N/I       0x52       0x53   .absSeg206
.abs_section_61                    2   N/I       0x61       0x62   .absSeg207
.abs_section_63                    2   N/I       0x63       0x64   .absSeg208
.abs_section_66                    2   N/I       0x66       0x67   .absSeg209
.abs_section_69                    2   N/I       0x69       0x6A   .absSeg210
.abs_section_6c                    2   N/I       0x6C       0x6D   .absSeg211
.abs_section_6f                    2   N/I       0x6F       0x70   .absSeg212
.abs_section_72                    2   N/I       0x72       0x73   .absSeg213
.abs_section_1806                  2   N/I     0x1806     0x1807   .absSeg214
.abs_section_1814                  2   N/I     0x1814     0x1815   .absSeg215
rtmon_rtmon_asm.asm__ORG00001          2     R     0xFFEE     0xFFEF   .absSeg216
.bss                              42   R/W      0x190      0x1B9   RAM
MyCode                           508     R     0x48D2     0x4ACD   ROM
.common                         1346   R/W      0x1BA      0x6FB   RAM
.vectSeg217_vect                   2     R     0xFFFE     0xFFFF   .vectSeg217

Summary of section sizes per section type:
READ_ONLY (R):        32BC (dec:    12988)
READ_WRITE (R/W):      5FD (dec:     1533)
NO_INIT (N/I):          7E (dec:      126)

*********************************************************************************************
VECTOR-ALLOCATION SECTION
    Address     InitValue   InitFunction
---------------------------------------------------------------------------------------------
     0xFFFE        0x18A7   _Startup

*********************************************************************************************
OBJECT-ALLOCATION SECTION
     Name               Module                 Addr   hSize   dSize     Ref    Section   RLIB
---------------------------------------------------------------------------------------------
MODULE:                 -- disp_gb60.asm.o --
- PROCEDURES:
     dinit                                     48D2      72     114       1   MyCode      
     douta                                     4944       5       5       2   MyCode      
     dtext                                     4949       3       3      20   MyCode      
     dt1                                       494C       C      12       0   MyCode      
     dtend                                     4958       4       4       0   MyCode      
     dcls                                      495C      13      19      20   MyCode      
     setcursor                                 496F       B      11       4   MyCode      
     sc1                                       497A       2       2       0   MyCode      
     sc2                                       497C       9       9       0   MyCode      
     wr_cmd                                    4985      31      49       8   MyCode      
     wr_data                                   49B6      31      49       1   MyCode      
     w5ms                                      49E7       6       6       4   MyCode      
     w11                                       49ED       D      13       0   MyCode      
     w500ns                                    49FA       5       5      18   MyCode      
     waitbf                                    49FF       3       3       2   MyCode      
     wbf1                                      4A02      2B      43       0   MyCode      
- VARIABLES:
MODULE:                 -- gpio.c.o --
- PROCEDURES:
     gpio_led_init                             1BB8      12      18       1   .text       
     gpio_led_on                               1BCA       7       7       1   .text       
     gpio_led_off                              1BD1       C      12       3   .text       
     gpio_button_init                          1BDD      12      18       1   .text       
     gpio_button_test                          1BEF      12      18       1   .text       
     gpio_write_c                              1C01      15      21       8   .text       
     gpio_mode_c                               1C16      27      39       1   .text       
     gpio_read_d                               1C3D       C      12       2   .text       
     gpio_write_d                              1C49      15      21       2   .text       
     gpio_mode_d                               1C5E      27      39       1   .text       
     gpio_read_e                               1C85       C      12       2   .text       
     gpio_hard_init                            1C91      17      23       1   .text       
- VARIABLES:
MODULE:                 -- main.c.o --
- PROCEDURES:
     main                                      1CA8     11F     287       1   .text       
     casPracky                                 1DC7       F      15       1   .text       
     menu                                      1DD6     1BE     446      12   .text       
     sci                                       1F94     28E     654       8   .text       
     keyboard                                  2222     3D0     976      44   .text       
     program                                   25F2      1E      30       1   .text       
     programSequence                           2610     163     355       4   .text       
     ukonci                                    2773      55      85       1   .text       
     predpirka                                 27C8      1C      28       1   .text       
     hlavniPrani                               27E4      A0     160       1   .text       
     machani                                   2884      1C      28       1   .text       
     zdimani                                   28A0      42      66       1   .text       
     dokonciCinnost                            28E2      39      57       3   .text       
     tocBubnem                                 291B      98     152       3   .text       
- VARIABLES:
     STRING.1.1.1970.1                         1996       9       9       1   .rodata1    
     STRING.Pracka.2                           199F       7       7       1   .rodata1    
     STRING.proc2.3                            19A6       6       6       1   .rodata1    
     STRING.proc3.4                            19AC       6       6       1   .rodata1    
     STRING.proc5.5                            19B2       6       6       1   .rodata1    
     STRING.proc6.6                            19B8       6       6       1   .rodata1    
     STRING.proc7.7                            19BE       6       6       1   .rodata1    
     STRING.Nyni.muzete.8                      19C4       C      12       1   .rodata1    
     STRING.pracku.vypnout.9                   19D0       F      15       1   .rodata1    
     STRING.Konec.10                           19DF       6       6       1   .rodata1    
     STRING.Zpet.11                            19E5       5       5       1   .rodata1    
     STRING.Vyber.programu.12                  19EA       F      15       1   .rodata1    
     STRING.Odlozeny.start.13                  19F9       F      15       1   .rodata1    
     STRING.Cas.14                             1A08       4       4       1   .rodata1    
     STRING.Diagnostika.15                     1A0C       C      12       1   .rodata1    
     STRING.Start.16                           1A18       6       6       1   .rodata1    
     STRING.Program.1.17                       1A1E       A      10       1   .rodata1    
     STRING.Program.2.18                       1A28       A      10       1   .rodata1    
     STRING.Program.3.19                       1A32       A      10       1   .rodata1    
     STRING.Program.4.20                       1A3C       A      10       1   .rodata1    
     STRING.Program.5.21                       1A46       A      10       1   .rodata1    
     STRING.Spozdeni..d..d.22                  1A50       F      15       1   .rodata1    
     STRING.Zadejte.heslo...23                 1A5F      10      16       1   .rodata1    
     STRING.1234.24                            1A6F       5       5       1   .rodata1    
     STRING.setTime.25                         1A74       8       8       1   .rodata1    
     STRING.setTime.26                         1A7C       8       8       1   .rodata1    
     STRING.clean.27                           1A84       6       6       1   .rodata1    
     STRING.getTime.28                         1A8A       8       8       1   .rodata1    
     STRING..d..d...29                         1A92       8       8       1   .rodata1    
     STRING.getActiveTime.30                   1A9A       E      14       1   .rodata1    
     STRING..d..d...31                         1AA8       8       8       1   .rodata1    
     STRING.getFactory.32                      1AB0       B      11       1   .rodata1    
     STRING.V.robn....slo....d...33            1ABB      28      40       1   .rodata1    
     STRING.getStats.34                        1AE3       9       9       1   .rodata1    
     STRING.Program.1....d..Prog.35            1AEC      51      81       1   .rodata1    
     STRING.konec.36                           1B3D       6       6       1   .rodata1    
     STRING..d..d.37                           1B43       6       6       1   .rodata1    
     STRING.Diagnostika.38                     1B49       C      12       1   .rodata1    
     STRING..d..d.39                           1B55       6       6       1   .rodata1    
     STRING..d..d.40                           1B5B       6       6       1   .rodata1    
     STRING.Program.41                         1B61       8       8       1   .rodata1    
     STRING.Program.zacne.za.42                1B69      11      17       1   .rodata1    
     STRING..d..d.43                           1B7A       6       6       1   .rodata1    
     STRING.Predpirka.44                       1B80       A      10       1   .rodata1    
     STRING.Hlavni.prani.45                    1B8A       D      13       1   .rodata1    
     STRING.Machani.46                         1B97       8       8       1   .rodata1    
     STRING.Zdimani.47                         1B9F       8       8       1   .rodata1    
     STRING.Ukoncovani.48                      1BA7       B      11       1   .rodata1    
     kurzor                                     100       2       2      24   .data       
     programy                                   102       A      10      10   .data       
     factoryNum                                 10C       2       2       1   .data       
     factoryDate                                10E       2       2       1   .data       
     cas                                        190       4       4      31   .bss        
     spozdeni                                   194       4       4       7   .bss        
     zacatekPrani                               198       4       4       3   .bss        
     celkovyCas                                 19C       4       4       5   .bss        
     stav                                       1A0       2       2      19   .bss        
     initState                                  1A2       2       2       8   .bss        
     prog                                       1A4       2       2       7   .bss        
     uroven                                     1A6       2       2      18   .bss        
     pozice                                     1A8       2       2       5   .bss        
     stats                                      1AA       A      10      12   .bss        
     init                                       1BA       2       2       2   .common     
     pSCI                                       1BC       2       2       3   .common     
     pKeyboard                                  1BE       2       2       7   .common     
     pProgram                                   1C0       2       2       4   .common     
     pCas                                       1C2       2       2       4   .common     
     pMenu                                      1C4       2       2       2   .common     
     buffer                                     1C6      20      32      23   .common     
     znak                                       1E6       1       1       1   .common     
MODULE:                 -- main.asm.o --
- PROCEDURES:
     asm_main                                  4A2D       5       5       1   MyCode      
- VARIABLES:
     temp_byte                                   80       1       1       1   MY_ZEROPAGE 
MODULE:                 -- MATH08F.C.o (ansifs.lib) --
- PROCEDURES:
     frexpf                                    29B3      41      65       1   .text       
- VARIABLES:
MODULE:                 -- PRINTF.C.o (ansifs.lib) --
- PROCEDURES:
     Ten                                       29F4      EA     234      10   .text       
     vprintf                                   2ADE     BEB    3051      93   .text       
     _out                                      36C9       D      13      16   .text       
     deposit_char                              36D6      15      21       1   .text       
     sprintf                                   36EB      3B      59       9   .text       
- VARIABLES:
     pow10                                     18C2      28      40       4   .rodata     
     pow16                                     18EA      20      32       4   .rodata     
     pow8                                      190A      2C      44       4   .rodata     
     fpow10                                    1936      30      48       1   .rodata     
     fpow_10                                   1966      30      48       1   .rodata     
     pbuf                                       1B4       6       6      15   .bss        
MODULE:                 -- RTSHC08.C.o (ansifs.lib) --
- PROCEDURES:
     _PUSH_ARGS_L                              3726      20      32       2   .text       
     _ENTER_UNARY_L                            3746      29      41       5   .text       
     _ENTER_BINARY_L                           376F      16      22       6   .text       
     _ENTER_BINARY_L_RC                        3785      19      25       6   .text       
     _IDIVMOD                                  379E      69     105       3   .text       
     _SPLITSIGN                                3807      1C      28       1   .text       
     _LADD_k_is_k_plus_j                       3823      1F      31       1   .text       
     _k_is_k_plus_j_l                          3842      1E      30       2   .text       
     _k_is_k_plus_j_i                          3860      12      18       3   .text       
     _LSUB_k_is_k_minus_j                      3872      1F      31       1   .text       
     _LMUL_k_is_k_mul_j                        3891      81     129       1   .text       
     _LDIVMOD                                  3912      A4     164       2   .text       
     _NEG_L_HX                                 39B6      13      19       1   .text       
     _LMODU_k_is_k_mod_j                       39C9       B      11       1   .text       
     _LDIVU_k_is_k_div_j                       39D4      17      23       1   .text       
     _LCMP_k_rel_j                             39EB      1F      31       1   .text       
     _BDIVS                                    3A0A      17      23       1   .text       
     _BMODS                                    3A21      17      23       2   .text       
     _IMUL_STAR08                              3A38      27      39       9   .text       
     _IDIVS_STAR08                             3A5F      1B      27       1   .text       
     _IDIVU_STAR08                             3A7A       D      13       2   .text       
     _IMODU_STAR08                             3A87      10      16       1   .text       
     _IASR                                     3A97       C      12       1   .text       
     _ILSR                                     3AA3       C      12       1   .text       
     _ICMP                                     3AAF      16      22       2   .text       
     _LINC                                     3AC5      16      22       1   .text       
     _LNEG                                     3ADB      1C      28       1   .text       
     _LADD                                     3AF7       6       6       3   .text       
     _LSUB                                     3AFD       6       6       5   .text       
     _LMUL_RC                                  3B03       6       6       6   .text       
     _LDIVU_RC                                 3B09       6       6       7   .text       
     _LMODU_RC                                 3B0F       6       6       6   .text       
     _LCMP                                     3B15       6       6      14   .text       
     _COPY                                     3B1B      30      48       6   .text       
     _POP32                                    3B4B      1A      26      28   .text       
     _SEXT16_32                                3B65       D      13       9   .text       
     _Jump_Table_Addr                          3B72      16      22       2   .text       
     _Jump_Table_Offset                        3B88      19      25       1   .text       
     _Jump_Table_Header_Offset                 3BA1      24      36       1   .text       
     _Search_Table_8_Addr                      3BC5      21      33       1   .text       
     _Search_Table_8_Offset                    3BE6      25      37       1   .text       
     _PUSH_CC                                  3C0B       F      15       1   .text       
     _POP_CC                                   3C1A       F      15       1   .text       
     F_CLRK                                    3C29       6       6       2   .text       
     F_CLRK_Unary                              3C2F       6       6       1   .text       
     F_NANK                                    3C35       6       6       2   .text       
     F_INFK                                    3C3B       6       6       2   .text       
     F_TLK                                     3C41      1E      30       2   .text       
     F_XGKL                                    3C5F      48      72       1   .text       
     _UNPACK_k_to_K                            3CA7      58      88       2   .text       
     _UNPACK_k_to_K_Unary                      3CFF      58      88       1   .text       
     _UNPACK_j_to_L                            3D57      58      88       2   .text       
     _PACK_K_to_k                              3DAF      4F      79       2   .text       
     _PACK_K_to_k_Unary                        3DFE      4F      79       1   .text       
     F_NORMK                                   3E4D      43      67       2   .text       
     _FADD_K_is_K_plus_L                       3E90      B2     178       1   .text       
     _FMUL_K_is_K_times_L                      3F42      90     144       1   .text       
     _F_LONGK                                  3FD2      5A      90       1   .text       
     _F_FLOATK                                 402C      2E      46       1   .text       
     _FCMP_k_rel_j                             405A      2C      44       1   .text       
     _FADD_Common                              4086       F      15       3   .text       
     _FSUB_Common                              4095       9       9       1   .text       
     _FMUL_Common                              409E       F      15       2   .text       
     _FADD                                     40AD       7       7       2   .text       
     _FADD_RC                                  40B4       7       7       1   .text       
     _FSUB                                     40BB       7       7       2   .text       
     _FMUL                                     40C2       7       7       7   .text       
     _FMUL_RC                                  40C9       7       7       6   .text       
     _FSTRUNC                                  40D0       B      11       6   .text       
     _FNEG                                     40DB      18      24       1   .text       
     _FCMP_RC                                  40F3       6       6       2   .text       
     _FUFLOAT                                  40F9       B      11       2   .text       
- VARIABLES:
MODULE:                 -- STRING.C.o (ansifs.lib) --
- PROCEDURES:
     strlen                                    4104      27      39       2   .text       
     strncmp                                   412B      54      84       1   .text       
     strstr                                    417F      78     120       9   .text       
- VARIABLES:
MODULE:                 -- MC9S08GB60.C.o --
- PROCEDURES:
- VARIABLES:
     _PTAD                                        0       1       1       1   .abs_section_0
     _PTAPE                                       1       1       1       3   .abs_section_1
     _PTASE                                       2       1       1       0   .abs_section_2
     _PTADD                                       3       1       1       3   .abs_section_3
     _PTBD                                        4       1       1       0   .abs_section_4
     _PTBPE                                       5       1       1       0   .abs_section_5
     _PTBSE                                       6       1       1       0   .abs_section_6
     _PTBDD                                       7       1       1       0   .abs_section_7
     _PTCD                                        8       1       1       3   .abs_section_8
     _PTCPE                                       9       1       1       3   .abs_section_9
     _PTCSE                                       A       1       1       0   .abs_section_a
     _PTCDD                                       B       1       1       4   .abs_section_b
     _PTDD                                        C       1       1       4   .abs_section_c
     _PTDPE                                       D       1       1       3   .abs_section_d
     _PTDSE                                       E       1       1       0   .abs_section_e
     _PTDDD                                       F       1       1       4   .abs_section_f
     _PTED                                       10       1       1       1   .abs_section_10
     _PTEPE                                      11       1       1       0   .abs_section_11
     _PTESE                                      12       1       1       0   .abs_section_12
     _PTEDD                                      13       1       1       0   .abs_section_13
     _IRQSC                                      14       1       1       0   .abs_section_14
     _KBI1SC                                     16       1       1       0   .abs_section_16
     _KBI1PE                                     17       1       1       0   .abs_section_17
     _SCI1C1                                     1A       1       1       0   .abs_section_1a
     _SCI1C2                                     1B       1       1       0   .abs_section_1b
     _SCI1S1                                     1C       1       1       0   .abs_section_1c
     _SCI1S2                                     1D       1       1       0   .abs_section_1d
     _SCI1C3                                     1E       1       1       0   .abs_section_1e
     _SCI1D                                      1F       1       1       0   .abs_section_1f
     _SCI2C1                                     22       1       1       0   .abs_section_22
     _SCI2C2                                     23       1       1       0   .abs_section_23
     _SCI2S1                                     24       1       1       0   .abs_section_24
     _SCI2S2                                     25       1       1       0   .abs_section_25
     _SCI2C3                                     26       1       1       0   .abs_section_26
     _SCI2D                                      27       1       1       0   .abs_section_27
     _SPI1C1                                     28       1       1       0   .abs_section_28
     _SPI1C2                                     29       1       1       0   .abs_section_29
     _SPI1BR                                     2A       1       1       0   .abs_section_2a
     _SPI1S                                      2B       1       1       0   .abs_section_2b
     _SPI1D                                      2D       1       1       0   .abs_section_2d
     _TPM1SC                                     30       1       1      14   .abs_section_30
     _TPM1C0SC                                   35       1       1       0   .abs_section_35
     _TPM1C1SC                                   38       1       1       0   .abs_section_38
     _TPM1C2SC                                   3B       1       1       0   .abs_section_3b
     _PTFD                                       40       1       1       4   .abs_section_40
     _PTFPE                                      41       1       1       2   .abs_section_41
     _PTFSE                                      42       1       1       0   .abs_section_42
     _PTFDD                                      43       1       1       2   .abs_section_43
     _PTGD                                       44       1       1       0   .abs_section_44
     _PTGPE                                      45       1       1       0   .abs_section_45
     _PTGSE                                      46       1       1       0   .abs_section_46
     _PTGDD                                      47       1       1       0   .abs_section_47
     _ICGC1                                      48       1       1       0   .abs_section_48
     _ICGC2                                      49       1       1       0   .abs_section_49
     _ICGS1                                      4A       1       1       0   .abs_section_4a
     _ICGS2                                      4B       1       1       0   .abs_section_4b
     _ICGTRM                                     4E       1       1       0   .abs_section_4e
     _ATD1C                                      50       1       1       1   .abs_section_50
     _ATD1SC                                     51       1       1       6   .abs_section_51
     _ATD1PE                                     54       1       1       1   .abs_section_54
     _IIC1A                                      58       1       1       0   .abs_section_58
     _IIC1F                                      59       1       1       0   .abs_section_59
     _IIC1C                                      5A       1       1       0   .abs_section_5a
     _IIC1S                                      5B       1       1       0   .abs_section_5b
     _IIC1D                                      5C       1       1       0   .abs_section_5c
     _TPM2SC                                     60       1       1       0   .abs_section_60
     _TPM2C0SC                                   65       1       1       0   .abs_section_65
     _TPM2C1SC                                   68       1       1       0   .abs_section_68
     _TPM2C2SC                                   6B       1       1       0   .abs_section_6b
     _TPM2C3SC                                   6E       1       1       0   .abs_section_6e
     _TPM2C4SC                                   71       1       1       0   .abs_section_71
     _SRS                                      1800       1       1      18   .abs_section_1800
     _SBDFR                                    1801       1       1       0   .abs_section_1801
     _SOPT                                     1802       1       1       0   .abs_section_1802
     _SRTISC                                   1808       1       1       0   .abs_section_1808
     _SPMSC1                                   1809       1       1       0   .abs_section_1809
     _SPMSC2                                   180A       1       1       0   .abs_section_180a
     _DBGCAH                                   1810       1       1       0   .abs_section_1810
     _DBGCAL                                   1811       1       1       0   .abs_section_1811
     _DBGCBH                                   1812       1       1       0   .abs_section_1812
     _DBGCBL                                   1813       1       1       0   .abs_section_1813
     _DBGC                                     1816       1       1       0   .abs_section_1816
     _DBGT                                     1817       1       1       0   .abs_section_1817
     _DBGS                                     1818       1       1       0   .abs_section_1818
     _FCDIV                                    1820       1       1       0   .abs_section_1820
     _FOPT                                     1821       1       1       0   .abs_section_1821
     _FCNFG                                    1823       1       1       0   .abs_section_1823
     _FPROT                                    1824       1       1       0   .abs_section_1824
     _FSTAT                                    1825       1       1       0   .abs_section_1825
     _FCMD                                     1826       1       1       0   .abs_section_1826
     _SCI1BD                                     18       2       2       0   .abs_section_18
     _SCI2BD                                     20       2       2       0   .abs_section_20
     _TPM1CNT                                    31       2       2       1   .abs_section_31
     _TPM1MOD                                    33       2       2       1   .abs_section_33
     _TPM1C0V                                    36       2       2       0   .abs_section_36
     _TPM1C1V                                    39       2       2       0   .abs_section_39
     _TPM1C2V                                    3C       2       2       0   .abs_section_3c
     _ICGFLT                                     4C       2       2       0   .abs_section_4c
     _ATD1R                                      52       2       2      16   .abs_section_52
     _TPM2CNT                                    61       2       2       0   .abs_section_61
     _TPM2MOD                                    63       2       2       0   .abs_section_63
     _TPM2C0V                                    66       2       2       0   .abs_section_66
     _TPM2C1V                                    69       2       2       0   .abs_section_69
     _TPM2C2V                                    6C       2       2       0   .abs_section_6c
     _TPM2C3V                                    6F       2       2       0   .abs_section_6f
     _TPM2C4V                                    72       2       2       0   .abs_section_72
     _SDID                                     1806       2       2       0   .abs_section_1806
     _DBGF                                     1814       2       2       0   .abs_section_1814
MODULE:                 -- Start08.c.o --
- PROCEDURES:
     loadByte                                  182C       E      14       5   .init       
     Init                                      183A      6D     109       1   .init       
     _Startup                                  18A7       9       9       0   .init       
- VARIABLES:
     _startupData                              18B0       6       6       4   .startData  
- LABELS:
     __SEG_END_SSTACK                           190       0       0       1               
MODULE:                 -- D:\wsd\rtmon\rtmon\build\codewarrior\gb60\rtmon_hc08gb60_Data\Standard\ObjectCode\rtmon_psbs.c.o (rtmon.lib) --
- PROCEDURES:
     rtm_InitTimer                             41F7       1       1       1   .text       
     rtmon_initprocstack                       41F8      48      72       3   .text       
- VARIABLES:
MODULE:                 -- D:\wsd\rtmon\rtmon\build\codewarrior\gb60\rtmon_hc08gb60_Data\Standard\ObjectCode\rtmon_asm.asm.o (rtmon.lib) --
- PROCEDURES:
     TOF_int                                   4A32      10      16       2   MyCode      
     rtmon_SWI                                 4A42       8       8       3   MyCode      
- VARIABLES:
     VAR00001                                  FFEE       2       2       0   .text       
MODULE:                 -- D:\wsd\rtmon\rtmon\build\codewarrior\gb60\rtmon_hc08gb60_Data\Standard\ObjectCode\rtmon_services.c.o (rtmon.lib) --
- PROCEDURES:
     rtm_init                                  4240      AB     171       1   .text       
     rtm_create_p                              42EB      FC     252       8   .text       
     rtm_start_p                               43E7      99     153       5   .text       
     rtm_delay_p                               4480      79     121       2   .text       
     rtm_ch_period_p                           44F9      2D      45       2   .text       
     rtm_stop_p                                4526      5C      92       7   .text       
- VARIABLES:
     STRING.dummy.1                            1BB2       6       6       1   .rodata1    
MODULE:                 -- D:\wsd\rtmon\rtmon\build\codewarrior\gb60\rtmon_hc08gb60_Data\Standard\ObjectCode\rtmon.c.o (rtmon.lib) --
- PROCEDURES:
     rtmon_kernel                              4582      98     152       1   .text       
     rtmon_scheduler                           461A      6C     108       1   .text       
     rtmon_refreshqwaiting                     4686      B5     181       4   .text       
     rtmon_dummy                               473B       E      14       1   .text       
     rtmon_pq_findhiestpriority                4749      56      86       1   .text       
     rtmon_push                                479F      14      20       4   .text       
- VARIABLES:
MODULE:                 -- D:\wsd\rtmon\rtmon\build\codewarrior\gb60\rtmon_hc08gb60_Data\Standard\ObjectCode\rtmon_data.c.o (rtmon.lib) --
- PROCEDURES:
- VARIABLES:
     rtmon_data                                 1E7      D8     216      17   .common     
     rtmon_stackpool                            2BF     400    1024       5   .common     
     rtmon_lastprocess                          6BF       1       1       9   .common     
     rtmon_toberun                              6C0       2       2       2   .common     
     rtmon_curproc                              6C2       2       2       9   .common     
     rtmon_tobesp                               6C4       2       2       5   .common     
     rtmon_status                               6C6       1       1      10   .common     
     g_TickCount                                6C7       2       2       1   .common     
     rtmon_queues                               6C9      32      50       8   .common     
     rtmon_lastq                                6FB       1       1       5   .common     
MODULE:                 -- sci_gb60.asm.o --
- PROCEDURES:
     sci1_init                                 4A4A      1E      30       1   MyCode      
     sc4bd                                     4A68       7       7       0   MyCode      
     sc9bd                                     4A6F       7       7       0   MyCode      
     sc19bd                                    4A76       7       7       0   MyCode      
     sc38bd                                    4A7D       7       7       0   MyCode      
     sc57bd                                    4A84       7       7       0   MyCode      
     sc115bd                                   4A8B       5       5       0   MyCode      
     scend                                     4A90       E      14       0   MyCode      
     sci1_in                                   4A9E       1       1       1   MyCode      
     si1                                       4A9F       C      12       0   MyCode      
     sci1_out                                  4AAB       2       2       1   MyCode      
     so1                                       4AAD       D      13       0   MyCode      
     sci1_str_out                              4ABA       4       4       2   MyCode      
     scs1                                      4ABE       C      12       0   MyCode      
     scs_end                                   4ACA       4       4       0   MyCode      
- VARIABLES:
MODULE:                 -- driver.c.o --
- PROCEDURES:
     driver_buben_smer                         47B3      45      69       6   .text       
     driver_buben_rychlost                     47F8      1A      26       3   .text       
     driver_pracka_vypust                      4812      25      37       6   .text       
     driver_pracka_napust                      4837      28      40       9   .text       
     driver_pracka_teplota                     485F      38      56       3   .text       
     driver_pracka_hladina                     4897      21      33       6   .text       
     driver_pracka_topeni                      48B8      1A      26       4   .text       
- VARIABLES:

*********************************************************************************************
MODULE STATISTIC
  Name                                      Data   Code  Const
---------------------------------------------------------------------------------------------
  disp_gb60.asm.o                              0    347      0
  gpio.c.o                                     0    240      0
  main.c.o                                    97   3339    540
  main.asm.o                                   1      5      0
  MATH08F.C.o (ansifs.lib)                     0     65      0
  PRINTF.C.o (ansifs.lib)                      6   3378    212
  RTSHC08.C.o (ansifs.lib)                     0   2526      0
  STRING.C.o (ansifs.lib)                      0    243      0
  MC9S08GB60.C.o                             126      0      0
  Start08.c.o                                  0    132      0
  D:\wsd\rtmon\rtmon\build\codewarrior\gb60\rtmon_hc08gb60_Data\Standard\ObjectCode\rtmon_psbs.c.o (rtmon.lib)     0     73      0
  D:\wsd\rtmon\rtmon\build\codewarrior\gb60\rtmon_hc08gb60_Data\Standard\ObjectCode\rtmon_asm.asm.o (rtmon.lib)     0     24      2
  D:\wsd\rtmon\rtmon\build\codewarrior\gb60\rtmon_hc08gb60_Data\Standard\ObjectCode\rtmon_services.c.o (rtmon.lib)     0    834      6
  D:\wsd\rtmon\rtmon\build\codewarrior\gb60\rtmon_hc08gb60_Data\Standard\ObjectCode\rtmon.c.o (rtmon.lib)     0    561      0
  D:\wsd\rtmon\rtmon\build\codewarrior\gb60\rtmon_hc08gb60_Data\Standard\ObjectCode\rtmon_data.c.o (rtmon.lib)  1301      0      0
  sci_gb60.asm.o                               0    132      0
  driver.c.o                                   0    287      0
  other                                      128     20     22

*********************************************************************************************
SECTION USE IN OBJECT-ALLOCATION SECTION
---------------------------------------------------------------------------------------------
SECTION: ".text"
  gpio_led_init gpio_led_on gpio_led_off gpio_button_init gpio_button_test 
  gpio_write_c gpio_mode_c gpio_read_d gpio_write_d gpio_mode_d gpio_read_e 
  gpio_hard_init main casPracky menu sci keyboard program programSequence 
  ukonci predpirka hlavniPrani machani zdimani dokonciCinnost tocBubnem frexpf 
  Ten vprintf _out deposit_char sprintf _PUSH_ARGS_L _ENTER_UNARY_L 
  _ENTER_BINARY_L _ENTER_BINARY_L_RC _IDIVMOD _SPLITSIGN _LADD_k_is_k_plus_j 
  _k_is_k_plus_j_l _k_is_k_plus_j_i _LSUB_k_is_k_minus_j _LMUL_k_is_k_mul_j 
  _LDIVMOD _NEG_L_HX _LMODU_k_is_k_mod_j _LDIVU_k_is_k_div_j _LCMP_k_rel_j 
  _BDIVS _BMODS _IMUL_STAR08 _IDIVS_STAR08 _IDIVU_STAR08 _IMODU_STAR08 _IASR 
  _ILSR _ICMP _LINC _LNEG _LADD _LSUB _LMUL_RC _LDIVU_RC _LMODU_RC _LCMP _COPY 
  _POP32 _SEXT16_32 _Jump_Table_Addr _Jump_Table_Offset 
  _Jump_Table_Header_Offset _Search_Table_8_Addr _Search_Table_8_Offset 
  _PUSH_CC _POP_CC F_CLRK F_CLRK_Unary F_NANK F_INFK F_TLK F_XGKL 
  _UNPACK_k_to_K _UNPACK_k_to_K_Unary _UNPACK_j_to_L _PACK_K_to_k 
  _PACK_K_to_k_Unary F_NORMK _FADD_K_is_K_plus_L _FMUL_K_is_K_times_L _F_LONGK 
  _F_FLOATK _FCMP_k_rel_j _FADD_Common _FSUB_Common _FMUL_Common _FADD _FADD_RC 
  _FSUB _FMUL _FMUL_RC _FSTRUNC _FNEG _FCMP_RC _FUFLOAT strlen strncmp strstr 
  rtm_InitTimer rtmon_initprocstack rtm_init rtm_create_p rtm_start_p 
  rtm_delay_p rtm_ch_period_p rtm_stop_p rtmon_kernel rtmon_scheduler 
  rtmon_refreshqwaiting rtmon_dummy rtmon_pq_findhiestpriority rtmon_push 
  driver_buben_smer driver_buben_rychlost driver_pracka_vypust 
  driver_pracka_napust driver_pracka_teplota driver_pracka_hladina 
  driver_pracka_topeni VAR00001 
SECTION: ".data"
  kurzor programy factoryNum factoryDate 
SECTION: ".bss"
  cas spozdeni zacatekPrani celkovyCas stav initState prog uroven pozice stats 
  pbuf 
SECTION: ".init"
  loadByte Init _Startup 
SECTION: ".rodata"
  pow10 pow16 pow8 fpow10 fpow_10 
SECTION: ".rodata1"
  STRING.1.1.1970.1 STRING.Pracka.2 STRING.proc2.3 STRING.proc3.4 
  STRING.proc5.5 STRING.proc6.6 STRING.proc7.7 STRING.Nyni.muzete.8 
  STRING.pracku.vypnout.9 STRING.Konec.10 STRING.Zpet.11 
  STRING.Vyber.programu.12 STRING.Odlozeny.start.13 STRING.Cas.14 
  STRING.Diagnostika.15 STRING.Start.16 STRING.Program.1.17 STRING.Program.2.18 
  STRING.Program.3.19 STRING.Program.4.20 STRING.Program.5.21 
  STRING.Spozdeni..d..d.22 STRING.Zadejte.heslo...23 STRING.1234.24 
  STRING.setTime.25 STRING.setTime.26 STRING.clean.27 STRING.getTime.28 
  STRING..d..d...29 STRING.getActiveTime.30 STRING..d..d...31 
  STRING.getFactory.32 STRING.V.robn....slo....d...33 STRING.getStats.34 
  STRING.Program.1....d..Prog.35 STRING.konec.36 STRING..d..d.37 
  STRING.Diagnostika.38 STRING..d..d.39 STRING..d..d.40 STRING.Program.41 
  STRING.Program.zacne.za.42 STRING..d..d.43 STRING.Predpirka.44 
  STRING.Hlavni.prani.45 STRING.Machani.46 STRING.Zdimani.47 
  STRING.Ukoncovani.48 STRING.dummy.1 
SECTION: "MY_ZEROPAGE"
  temp_byte 
SECTION: "MyCode"
  dinit douta dtext dt1 dtend dcls setcursor sc1 sc2 wr_cmd wr_data w5ms w11 
  w500ns waitbf wbf1 asm_main TOF_int rtmon_SWI sci1_init sc4bd sc9bd sc19bd 
  sc38bd sc57bd sc115bd scend sci1_in si1 sci1_out so1 sci1_str_out scs1 
  scs_end 
SECTION: ".common"
  init pSCI pKeyboard pProgram pCas pMenu buffer znak rtmon_data 
  rtmon_stackpool rtmon_lastprocess rtmon_toberun rtmon_curproc rtmon_tobesp 
  rtmon_status g_TickCount rtmon_queues rtmon_lastq 
SECTION: ".abs_section_0"
  _PTAD 
SECTION: ".abs_section_1"
  _PTAPE 
SECTION: ".abs_section_2"
  _PTASE 
SECTION: ".abs_section_3"
  _PTADD 
SECTION: ".abs_section_4"
  _PTBD 
SECTION: ".abs_section_5"
  _PTBPE 
SECTION: ".abs_section_6"
  _PTBSE 
SECTION: ".abs_section_7"
  _PTBDD 
SECTION: ".abs_section_8"
  _PTCD 
SECTION: ".abs_section_9"
  _PTCPE 
SECTION: ".abs_section_a"
  _PTCSE 
SECTION: ".abs_section_b"
  _PTCDD 
SECTION: ".abs_section_c"
  _PTDD 
SECTION: ".abs_section_d"
  _PTDPE 
SECTION: ".abs_section_e"
  _PTDSE 
SECTION: ".abs_section_f"
  _PTDDD 
SECTION: ".abs_section_10"
  _PTED 
SECTION: ".abs_section_11"
  _PTEPE 
SECTION: ".abs_section_12"
  _PTESE 
SECTION: ".abs_section_13"
  _PTEDD 
SECTION: ".abs_section_14"
  _IRQSC 
SECTION: ".abs_section_16"
  _KBI1SC 
SECTION: ".abs_section_17"
  _KBI1PE 
SECTION: ".abs_section_1a"
  _SCI1C1 
SECTION: ".abs_section_1b"
  _SCI1C2 
SECTION: ".abs_section_1c"
  _SCI1S1 
SECTION: ".abs_section_1d"
  _SCI1S2 
SECTION: ".abs_section_1e"
  _SCI1C3 
SECTION: ".abs_section_1f"
  _SCI1D 
SECTION: ".abs_section_22"
  _SCI2C1 
SECTION: ".abs_section_23"
  _SCI2C2 
SECTION: ".abs_section_24"
  _SCI2S1 
SECTION: ".abs_section_25"
  _SCI2S2 
SECTION: ".abs_section_26"
  _SCI2C3 
SECTION: ".abs_section_27"
  _SCI2D 
SECTION: ".abs_section_28"
  _SPI1C1 
SECTION: ".abs_section_29"
  _SPI1C2 
SECTION: ".abs_section_2a"
  _SPI1BR 
SECTION: ".abs_section_2b"
  _SPI1S 
SECTION: ".abs_section_2d"
  _SPI1D 
SECTION: ".abs_section_30"
  _TPM1SC 
SECTION: ".abs_section_35"
  _TPM1C0SC 
SECTION: ".abs_section_38"
  _TPM1C1SC 
SECTION: ".abs_section_3b"
  _TPM1C2SC 
SECTION: ".abs_section_40"
  _PTFD 
SECTION: ".abs_section_41"
  _PTFPE 
SECTION: ".abs_section_42"
  _PTFSE 
SECTION: ".abs_section_43"
  _PTFDD 
SECTION: ".abs_section_44"
  _PTGD 
SECTION: ".abs_section_45"
  _PTGPE 
SECTION: ".abs_section_46"
  _PTGSE 
SECTION: ".abs_section_47"
  _PTGDD 
SECTION: ".abs_section_48"
  _ICGC1 
SECTION: ".abs_section_49"
  _ICGC2 
SECTION: ".abs_section_4a"
  _ICGS1 
SECTION: ".abs_section_4b"
  _ICGS2 
SECTION: ".abs_section_4e"
  _ICGTRM 
SECTION: ".abs_section_50"
  _ATD1C 
SECTION: ".abs_section_51"
  _ATD1SC 
SECTION: ".abs_section_54"
  _ATD1PE 
SECTION: ".abs_section_58"
  _IIC1A 
SECTION: ".abs_section_59"
  _IIC1F 
SECTION: ".abs_section_5a"
  _IIC1C 
SECTION: ".abs_section_5b"
  _IIC1S 
SECTION: ".abs_section_5c"
  _IIC1D 
SECTION: ".abs_section_60"
  _TPM2SC 
SECTION: ".abs_section_65"
  _TPM2C0SC 
SECTION: ".abs_section_68"
  _TPM2C1SC 
SECTION: ".abs_section_6b"
  _TPM2C2SC 
SECTION: ".abs_section_6e"
  _TPM2C3SC 
SECTION: ".abs_section_71"
  _TPM2C4SC 
SECTION: ".abs_section_1800"
  _SRS 
SECTION: ".abs_section_1801"
  _SBDFR 
SECTION: ".abs_section_1802"
  _SOPT 
SECTION: ".abs_section_1808"
  _SRTISC 
SECTION: ".abs_section_1809"
  _SPMSC1 
SECTION: ".abs_section_180a"
  _SPMSC2 
SECTION: ".abs_section_1810"
  _DBGCAH 
SECTION: ".abs_section_1811"
  _DBGCAL 
SECTION: ".abs_section_1812"
  _DBGCBH 
SECTION: ".abs_section_1813"
  _DBGCBL 
SECTION: ".abs_section_1816"
  _DBGC 
SECTION: ".abs_section_1817"
  _DBGT 
SECTION: ".abs_section_1818"
  _DBGS 
SECTION: ".abs_section_1820"
  _FCDIV 
SECTION: ".abs_section_1821"
  _FOPT 
SECTION: ".abs_section_1823"
  _FCNFG 
SECTION: ".abs_section_1824"
  _FPROT 
SECTION: ".abs_section_1825"
  _FSTAT 
SECTION: ".abs_section_1826"
  _FCMD 
SECTION: ".abs_section_18"
  _SCI1BD 
SECTION: ".abs_section_20"
  _SCI2BD 
SECTION: ".abs_section_31"
  _TPM1CNT 
SECTION: ".abs_section_33"
  _TPM1MOD 
SECTION: ".abs_section_36"
  _TPM1C0V 
SECTION: ".abs_section_39"
  _TPM1C1V 
SECTION: ".abs_section_3c"
  _TPM1C2V 
SECTION: ".abs_section_4c"
  _ICGFLT 
SECTION: ".abs_section_52"
  _ATD1R 
SECTION: ".abs_section_61"
  _TPM2CNT 
SECTION: ".abs_section_63"
  _TPM2MOD 
SECTION: ".abs_section_66"
  _TPM2C0V 
SECTION: ".abs_section_69"
  _TPM2C1V 
SECTION: ".abs_section_6c"
  _TPM2C2V 
SECTION: ".abs_section_6f"
  _TPM2C3V 
SECTION: ".abs_section_72"
  _TPM2C4V 
SECTION: ".abs_section_1806"
  _SDID 
SECTION: ".abs_section_1814"
  _DBGF 

*********************************************************************************************
OBJECT LIST SORTED BY ADDRESS
     Name                                      Addr   hSize   dSize     Ref    Section   RLIB
---------------------------------------------------------------------------------------------
     _PTAD                                        0       1       1       1   .abs_section_0
     _PTAPE                                       1       1       1       3   .abs_section_1
     _PTASE                                       2       1       1       0   .abs_section_2
     _PTADD                                       3       1       1       3   .abs_section_3
     _PTBD                                        4       1       1       0   .abs_section_4
     _PTBPE                                       5       1       1       0   .abs_section_5
     _PTBSE                                       6       1       1       0   .abs_section_6
     _PTBDD                                       7       1       1       0   .abs_section_7
     _PTCD                                        8       1       1       3   .abs_section_8
     _PTCPE                                       9       1       1       3   .abs_section_9
     _PTCSE                                       A       1       1       0   .abs_section_a
     _PTCDD                                       B       1       1       4   .abs_section_b
     _PTDD                                        C       1       1       4   .abs_section_c
     _PTDPE                                       D       1       1       3   .abs_section_d
     _PTDSE                                       E       1       1       0   .abs_section_e
     _PTDDD                                       F       1       1       4   .abs_section_f
     _PTED                                       10       1       1       1   .abs_section_10
     _PTEPE                                      11       1       1       0   .abs_section_11
     _PTESE                                      12       1       1       0   .abs_section_12
     _PTEDD                                      13       1       1       0   .abs_section_13
     _IRQSC                                      14       1       1       0   .abs_section_14
     _KBI1SC                                     16       1       1       0   .abs_section_16
     _KBI1PE                                     17       1       1       0   .abs_section_17
     _SCI1BD                                     18       2       2       0   .abs_section_18
     _SCI1C1                                     1A       1       1       0   .abs_section_1a
     _SCI1C2                                     1B       1       1       0   .abs_section_1b
     _SCI1S1                                     1C       1       1       0   .abs_section_1c
     _SCI1S2                                     1D       1       1       0   .abs_section_1d
     _SCI1C3                                     1E       1       1       0   .abs_section_1e
     _SCI1D                                      1F       1       1       0   .abs_section_1f
     _SCI2BD                                     20       2       2       0   .abs_section_20
     _SCI2C1                                     22       1       1       0   .abs_section_22
     _SCI2C2                                     23       1       1       0   .abs_section_23
     _SCI2S1                                     24       1       1       0   .abs_section_24
     _SCI2S2                                     25       1       1       0   .abs_section_25
     _SCI2C3                                     26       1       1       0   .abs_section_26
     _SCI2D                                      27       1       1       0   .abs_section_27
     _SPI1C1                                     28       1       1       0   .abs_section_28
     _SPI1C2                                     29       1       1       0   .abs_section_29
     _SPI1BR                                     2A       1       1       0   .abs_section_2a
     _SPI1S                                      2B       1       1       0   .abs_section_2b
     _SPI1D                                      2D       1       1       0   .abs_section_2d
     _TPM1SC                                     30       1       1      14   .abs_section_30
     _TPM1CNT                                    31       2       2       1   .abs_section_31
     _TPM1MOD                                    33       2       2       1   .abs_section_33
     _TPM1C0SC                                   35       1       1       0   .abs_section_35
     _TPM1C0V                                    36       2       2       0   .abs_section_36
     _TPM1C1SC                                   38       1       1       0   .abs_section_38
     _TPM1C1V                                    39       2       2       0   .abs_section_39
     _TPM1C2SC                                   3B       1       1       0   .abs_section_3b
     _TPM1C2V                                    3C       2       2       0   .abs_section_3c
     _PTFD                                       40       1       1       4   .abs_section_40
     _PTFPE                                      41       1       1       2   .abs_section_41
     _PTFSE                                      42       1       1       0   .abs_section_42
     _PTFDD                                      43       1       1       2   .abs_section_43
     _PTGD                                       44       1       1       0   .abs_section_44
     _PTGPE                                      45       1       1       0   .abs_section_45
     _PTGSE                                      46       1       1       0   .abs_section_46
     _PTGDD                                      47       1       1       0   .abs_section_47
     _ICGC1                                      48       1       1       0   .abs_section_48
     _ICGC2                                      49       1       1       0   .abs_section_49
     _ICGS1                                      4A       1       1       0   .abs_section_4a
     _ICGS2                                      4B       1       1       0   .abs_section_4b
     _ICGFLT                                     4C       2       2       0   .abs_section_4c
     _ICGTRM                                     4E       1       1       0   .abs_section_4e
     _ATD1C                                      50       1       1       1   .abs_section_50
     _ATD1SC                                     51       1       1       6   .abs_section_51
     _ATD1R                                      52       2       2      16   .abs_section_52
     _ATD1PE                                     54       1       1       1   .abs_section_54
     _IIC1A                                      58       1       1       0   .abs_section_58
     _IIC1F                                      59       1       1       0   .abs_section_59
     _IIC1C                                      5A       1       1       0   .abs_section_5a
     _IIC1S                                      5B       1       1       0   .abs_section_5b
     _IIC1D                                      5C       1       1       0   .abs_section_5c
     _TPM2SC                                     60       1       1       0   .abs_section_60
     _TPM2CNT                                    61       2       2       0   .abs_section_61
     _TPM2MOD                                    63       2       2       0   .abs_section_63
     _TPM2C0SC                                   65       1       1       0   .abs_section_65
     _TPM2C0V                                    66       2       2       0   .abs_section_66
     _TPM2C1SC                                   68       1       1       0   .abs_section_68
     _TPM2C1V                                    69       2       2       0   .abs_section_69
     _TPM2C2SC                                   6B       1       1       0   .abs_section_6b
     _TPM2C2V                                    6C       2       2       0   .abs_section_6c
     _TPM2C3SC                                   6E       1       1       0   .abs_section_6e
     _TPM2C3V                                    6F       2       2       0   .abs_section_6f
     _TPM2C4SC                                   71       1       1       0   .abs_section_71
     _TPM2C4V                                    72       2       2       0   .abs_section_72
     temp_byte                                   80       1       1       1   MY_ZEROPAGE 
     kurzor                                     100       2       2      24   .data       
     programy                                   102       A      10      10   .data       
     factoryNum                                 10C       2       2       1   .data       
     factoryDate                                10E       2       2       1   .data       
     cas                                        190       4       4      31   .bss        
     spozdeni                                   194       4       4       7   .bss        
     zacatekPrani                               198       4       4       3   .bss        
     celkovyCas                                 19C       4       4       5   .bss        
     stav                                       1A0       2       2      19   .bss        
     initState                                  1A2       2       2       8   .bss        
     prog                                       1A4       2       2       7   .bss        
     uroven                                     1A6       2       2      18   .bss        
     pozice                                     1A8       2       2       5   .bss        
     stats                                      1AA       A      10      12   .bss        
     pbuf                                       1B4       6       6      15   .bss        
     init                                       1BA       2       2       2   .common     
     pSCI                                       1BC       2       2       3   .common     
     pKeyboard                                  1BE       2       2       7   .common     
     pProgram                                   1C0       2       2       4   .common     
     pCas                                       1C2       2       2       4   .common     
     pMenu                                      1C4       2       2       2   .common     
     buffer                                     1C6      20      32      23   .common     
     znak                                       1E6       1       1       1   .common     
     rtmon_data                                 1E7      D8     216      17   .common     
     rtmon_stackpool                            2BF     400    1024       5   .common     
     rtmon_lastprocess                          6BF       1       1       9   .common     
     rtmon_toberun                              6C0       2       2       2   .common     
     rtmon_curproc                              6C2       2       2       9   .common     
     rtmon_tobesp                               6C4       2       2       5   .common     
     rtmon_status                               6C6       1       1      10   .common     
     g_TickCount                                6C7       2       2       1   .common     
     rtmon_queues                               6C9      32      50       8   .common     
     rtmon_lastq                                6FB       1       1       5   .common     
     _SRS                                      1800       1       1      18   .abs_section_1800
     _SBDFR                                    1801       1       1       0   .abs_section_1801
     _SOPT                                     1802       1       1       0   .abs_section_1802
     _SDID                                     1806       2       2       0   .abs_section_1806
     _SRTISC                                   1808       1       1       0   .abs_section_1808
     _SPMSC1                                   1809       1       1       0   .abs_section_1809
     _SPMSC2                                   180A       1       1       0   .abs_section_180a
     _DBGCAH                                   1810       1       1       0   .abs_section_1810
     _DBGCAL                                   1811       1       1       0   .abs_section_1811
     _DBGCBH                                   1812       1       1       0   .abs_section_1812
     _DBGCBL                                   1813       1       1       0   .abs_section_1813
     _DBGF                                     1814       2       2       0   .abs_section_1814
     _DBGC                                     1816       1       1       0   .abs_section_1816
     _DBGT                                     1817       1       1       0   .abs_section_1817
     _DBGS                                     1818       1       1       0   .abs_section_1818
     _FCDIV                                    1820       1       1       0   .abs_section_1820
     _FOPT                                     1821       1       1       0   .abs_section_1821
     _FCNFG                                    1823       1       1       0   .abs_section_1823
     _FPROT                                    1824       1       1       0   .abs_section_1824
     _FSTAT                                    1825       1       1       0   .abs_section_1825
     _FCMD                                     1826       1       1       0   .abs_section_1826
     loadByte                                  182C       E      14       5   .init       
     Init                                      183A      6D     109       1   .init       
     _Startup                                  18A7       9       9       0   .init       
     pow10                                     18C2      28      40       4   .rodata     
     pow16                                     18EA      20      32       4   .rodata     
     pow8                                      190A      2C      44       4   .rodata     
     fpow10                                    1936      30      48       1   .rodata     
     fpow_10                                   1966      30      48       1   .rodata     
     STRING.1.1.1970.1                         1996       9       9       1   .rodata1    
     STRING.Pracka.2                           199F       7       7       1   .rodata1    
     STRING.proc2.3                            19A6       6       6       1   .rodata1    
     STRING.proc3.4                            19AC       6       6       1   .rodata1    
     STRING.proc5.5                            19B2       6       6       1   .rodata1    
     STRING.proc6.6                            19B8       6       6       1   .rodata1    
     STRING.proc7.7                            19BE       6       6       1   .rodata1    
     STRING.Nyni.muzete.8                      19C4       C      12       1   .rodata1    
     STRING.pracku.vypnout.9                   19D0       F      15       1   .rodata1    
     STRING.Konec.10                           19DF       6       6       1   .rodata1    
     STRING.Zpet.11                            19E5       5       5       1   .rodata1    
     STRING.Vyber.programu.12                  19EA       F      15       1   .rodata1    
     STRING.Odlozeny.start.13                  19F9       F      15       1   .rodata1    
     STRING.Cas.14                             1A08       4       4       1   .rodata1    
     STRING.Diagnostika.15                     1A0C       C      12       1   .rodata1    
     STRING.Start.16                           1A18       6       6       1   .rodata1    
     STRING.Program.1.17                       1A1E       A      10       1   .rodata1    
     STRING.Program.2.18                       1A28       A      10       1   .rodata1    
     STRING.Program.3.19                       1A32       A      10       1   .rodata1    
     STRING.Program.4.20                       1A3C       A      10       1   .rodata1    
     STRING.Program.5.21                       1A46       A      10       1   .rodata1    
     STRING.Spozdeni..d..d.22                  1A50       F      15       1   .rodata1    
     STRING.Zadejte.heslo...23                 1A5F      10      16       1   .rodata1    
     STRING.1234.24                            1A6F       5       5       1   .rodata1    
     STRING.setTime.25                         1A74       8       8       1   .rodata1    
     STRING.setTime.26                         1A7C       8       8       1   .rodata1    
     STRING.clean.27                           1A84       6       6       1   .rodata1    
     STRING.getTime.28                         1A8A       8       8       1   .rodata1    
     STRING..d..d...29                         1A92       8       8       1   .rodata1    
     STRING.getActiveTime.30                   1A9A       E      14       1   .rodata1    
     STRING..d..d...31                         1AA8       8       8       1   .rodata1    
     STRING.getFactory.32                      1AB0       B      11       1   .rodata1    
     STRING.V.robn....slo....d...33            1ABB      28      40       1   .rodata1    
     STRING.getStats.34                        1AE3       9       9       1   .rodata1    
     STRING.Program.1....d..Prog.35            1AEC      51      81       1   .rodata1    
     STRING.konec.36                           1B3D       6       6       1   .rodata1    
     STRING..d..d.37                           1B43       6       6       1   .rodata1    
     STRING.Diagnostika.38                     1B49       C      12       1   .rodata1    
     STRING..d..d.39                           1B55       6       6       1   .rodata1    
     STRING..d..d.40                           1B5B       6       6       1   .rodata1    
     STRING.Program.41                         1B61       8       8       1   .rodata1    
     STRING.Program.zacne.za.42                1B69      11      17       1   .rodata1    
     STRING..d..d.43                           1B7A       6       6       1   .rodata1    
     STRING.Predpirka.44                       1B80       A      10       1   .rodata1    
     STRING.Hlavni.prani.45                    1B8A       D      13       1   .rodata1    
     STRING.Machani.46                         1B97       8       8       1   .rodata1    
     STRING.Zdimani.47                         1B9F       8       8       1   .rodata1    
     STRING.Ukoncovani.48                      1BA7       B      11       1   .rodata1    
     STRING.dummy.1                            1BB2       6       6       1   .rodata1    
     gpio_led_init                             1BB8      12      18       1   .text       
     gpio_led_on                               1BCA       7       7       1   .text       
     gpio_led_off                              1BD1       C      12       3   .text       
     gpio_button_init                          1BDD      12      18       1   .text       
     gpio_button_test                          1BEF      12      18       1   .text       
     gpio_write_c                              1C01      15      21       8   .text       
     gpio_mode_c                               1C16      27      39       1   .text       
     gpio_read_d                               1C3D       C      12       2   .text       
     gpio_write_d                              1C49      15      21       2   .text       
     gpio_mode_d                               1C5E      27      39       1   .text       
     gpio_read_e                               1C85       C      12       2   .text       
     gpio_hard_init                            1C91      17      23       1   .text       
     main                                      1CA8     11F     287       1   .text       
     casPracky                                 1DC7       F      15       1   .text       
     menu                                      1DD6     1BE     446      12   .text       
     sci                                       1F94     28E     654       8   .text       
     keyboard                                  2222     3D0     976      44   .text       
     program                                   25F2      1E      30       1   .text       
     programSequence                           2610     163     355       4   .text       
     ukonci                                    2773      55      85       1   .text       
     predpirka                                 27C8      1C      28       1   .text       
     hlavniPrani                               27E4      A0     160       1   .text       
     machani                                   2884      1C      28       1   .text       
     zdimani                                   28A0      42      66       1   .text       
     dokonciCinnost                            28E2      39      57       3   .text       
     tocBubnem                                 291B      98     152       3   .text       
     frexpf                                    29B3      41      65       1   .text       
     Ten                                       29F4      EA     234      10   .text       
     vprintf                                   2ADE     BEB    3051      93   .text       
     _out                                      36C9       D      13      16   .text       
     deposit_char                              36D6      15      21       1   .text       
     sprintf                                   36EB      3B      59       9   .text       
     _PUSH_ARGS_L                              3726      20      32       2   .text       
     _ENTER_UNARY_L                            3746      29      41       5   .text       
     _ENTER_BINARY_L                           376F      16      22       6   .text       
[...]
_LDIVU_RC                 USES _ENTER_BINARY_L_RC _LDIVU_k_is_k_div_j 
_LMODU_RC                 USES _ENTER_BINARY_L_RC _LMODU_k_is_k_mod_j 
_LCMP                     USES _ENTER_BINARY_L _LCMP_k_rel_j 
F_NORMK                   USES F_CLRK F_INFK 
_FADD_K_is_K_plus_L       USES F_NANK F_TLK F_XGKL 
_FMUL_K_is_K_times_L      USES F_CLRK F_NANK F_INFK F_TLK 
_F_LONGK                  USES _NEG_L_HX 
_F_FLOATK                 USES F_CLRK_Unary 
_FADD_Common              USES _UNPACK_k_to_K _UNPACK_j_to_L 
                                _FADD_K_is_K_plus_L F_NORMK _PACK_K_to_k 
_FSUB_Common              USES _FADD_Common 
_FMUL_Common              USES _UNPACK_k_to_K _UNPACK_j_to_L 
                                _FMUL_K_is_K_times_L F_NORMK _PACK_K_to_k 
_FADD                     USES _ENTER_BINARY_L _FADD_Common 
_FADD_RC                  USES _ENTER_BINARY_L_RC _FADD_Common 
_FSUB                     USES _ENTER_BINARY_L _FSUB_Common 
_FMUL                     USES _ENTER_BINARY_L _FMUL_Common 
_FMUL_RC                  USES _ENTER_BINARY_L_RC _FMUL_Common 
_FSTRUNC                  USES _ENTER_UNARY_L _UNPACK_k_to_K_Unary _F_LONGK 
_FNEG                     USES _ENTER_UNARY_L 
_FCMP_RC                  USES _ENTER_BINARY_L_RC _FCMP_k_rel_j 
_FUFLOAT                  USES _ENTER_UNARY_L _F_FLOATK _PACK_K_to_k_Unary 
strstr                    USES strlen strncmp 
rtmon_initprocstack       USES rtmon_push 
rtm_init                  USES rtmon_curproc rtmon_toberun _SRS rtmon_data 
                                rtmon_lastprocess rtmon_lastq rtmon_stackpool rtmon_status 
                                STRING.dummy.1 rtmon_dummy rtm_create_p 
rtm_create_p              USES rtmon_status rtm_create_p _SRS _TPM1SC 
                                rtmon_lastprocess rtmon_data rtmon_stackpool _ICMP rtmon_push 
                                rtmon_initprocstack 
rtm_start_p               USES _SRS _TPM1SC rtmon_status rtmon_SWI 
rtm_delay_p               USES _TPM1SC rtmon_data _TPM1CNT _TPM1MOD 
                                rtm_InitTimer rtmon_curproc rtmon_status rtmon_SWI 
rtm_ch_period_p           USES _TPM1SC 
rtm_stop_p                USES _TPM1SC rtmon_curproc rtmon_status rtmon_SWI 
                                rtmon_initprocstack 
rtmon_kernel              USES rtmon_status _TPM1SC rtmon_curproc rtmon_tobesp 
                                rtmon_initprocstack rtmon_scheduler g_TickCount 
                                rtmon_refreshqwaiting rtmon_pq_findhiestpriority rtmon_toberun 
rtmon_scheduler           USES rtmon_data rtmon_lastprocess 
rtmon_refreshqwaiting     USES rtmon_refreshqwaiting rtmon_data rtmon_queues 
                                rtmon_lastq rtmon_lastprocess 
rtmon_dummy               USES _SRS 
rtmon_pq_findhiestpriority USES rtmon_data rtmon_lastprocess 
driver_buben_smer         USES gpio_write_c 
driver_buben_rychlost     USES gpio_write_c 
driver_pracka_vypust      USES gpio_write_c gpio_write_d 
driver_pracka_napust      USES gpio_write_c gpio_write_d 
driver_pracka_teplota     USES gpio_read_e gpio_read_d 
driver_pracka_hladina     USES gpio_read_d gpio_read_e 
driver_pracka_topeni      USES gpio_write_c 
dinit                     USES w500ns w5ms wr_cmd 
douta                     USES wr_data 
dt1                       USES douta 
dcls                      USES wr_cmd 
sc2                       USES wr_cmd 
wr_cmd                    USES w500ns waitbf 
wr_data                   USES w500ns waitbf 
wbf1                      USES w500ns 
asm_main                  USES temp_byte 
TOF_int                   USES rtmon_tobesp rtmon_kernel 
rtmon_SWI                 USES TOF_int 
scs1                      USES sci1_out 

*********************************************************************************************
DEPENDENCY TREE
*********************************************************************************************
 main and _Startup Group
 | 
 +- main                
 |  | 
 |  +- asm_main            
 |  |    
 |  +- sci1_init           
 |  |    
 |  +- dinit               
 |  |  | 
 |  |  +- w500ns              
 |  |  |    
 |  |  +- w5ms                
 |  |  |    
 |  |  +- wr_cmd              
 |  |     | 
 |  |     +- w500ns               (see above)
 |  |     |  
 |  |     +- waitbf              
 |  |          
 |  +- dcls                
 |  |  | 
 |  |  +- wr_cmd               (see above)
 |  |     
 |  +- dtext               
 |  |    
 |  +- gpio_hard_init      
 |  |  | 
 |  |  +- gpio_mode_c         
 |  |  |    
 |  |  +- gpio_mode_d         
 |  |       
 |  +- gpio_button_init    
 |  |    
 |  +- gpio_led_init       
 |  |    
 |  +- gpio_led_off        
 |  |    
 |  +- rtm_init            
 |  |  | 
 |  |  +- rtmon_dummy         
 |  |  |    
 |  |  +- rtm_create_p        
 |  |     | 
 |  |     +- _ICMP               
 |  |     |    
 |  |     +- rtmon_push          
 |  |     |    
 |  |     +- rtmon_initprocstack 
 |  |        | 
 |  |        +- rtmon_push           (see above)
 |  |           
 |  +- sci                 
 |  |  | 
 |  |  +- sci1_str_out        
 |  |  |    
 |  |  +- sci1_in             
 |  |  |    
 |  |  +- strstr              
 |  |  |  | 
 |  |  |  +- strlen              
 |  |  |  |    
 |  |  |  +- strncmp             
 |  |  |       
 |  |  +- _IMUL_STAR08        
 |  |  |    
 |  |  +- _SEXT16_32          
 |  |  |    
 |  |  +- _POP32              
 |  |  |    
 |  |  +- _LADD               
 |  |  |  | 
 |  |  |  +- _ENTER_BINARY_L     
 |  |  |  |  | 
 |  |  |  |  +- _PUSH_ARGS_L        
 |  |  |  |       
 |  |  |  +- _LADD_k_is_k_plus_j 
 |  |  |       
 |  |  +- _LMODU_RC           
 |  |  |  | 
 |  |  |  +- _ENTER_BINARY_L_RC  
 |  |  |  |  | 
 |  |  |  |  +- _PUSH_ARGS_L         (see above)
 |  |  |  |     
 |  |  |  +- _LMODU_k_is_k_mod_j 
 |  |  |     | 
 |  |  |     +- _LDIVMOD            
 |  |  |          
 |  |  +- _LMUL_RC            
 |  |  |  | 
 |  |  |  +- _ENTER_BINARY_L_RC   (see above)
 |  |  |  |  
 |  |  |  +- _LMUL_k_is_k_mul_j  
 |  |  |     | 
 |  |  |     +- _k_is_k_plus_j_l    
 |  |  |     |    
 |  |  |     +- _k_is_k_plus_j_i    
 |  |  |          
 |  |  +- _LDIVU_RC           
 |  |  |  | 
 |  |  |  +- _ENTER_BINARY_L_RC   (see above)
 |  |  |  |  
 |  |  |  +- _LDIVU_k_is_k_div_j 
 |  |  |     | 
 |  |  |     +- _LDIVMOD             (see above)
 |  |  |        
 |  |  +- sprintf             
 |  |  |  | 
 |  |  |  +- deposit_char        
 |  |  |  |    
 |  |  |  +- vprintf             
 |  |  |     | 
 |  |  |     +- _out                
 |  |  |     |    
 |  |  |     +- _Search_Table_8_Offset
 |  |  |     |    
 |  |  |     +- _IMUL_STAR08         (see above)
 |  |  |     |  
 |  |  |     +- _Jump_Table_Addr    
 |  |  |     |    
 |  |  |     +- _Search_Table_8_Addr
 |  |  |     |    
 |  |  |     +- _SEXT16_32           (see above)
 |  |  |     |  
 |  |  |     +- _POP32               (see above)
 |  |  |     |  
 |  |  |     +- _LNEG               
 |  |  |     |  | 
 |  |  |     |  +- _ENTER_UNARY_L      
 |  |  |     |       
 |  |  |     +- _LCMP               
 |  |  |     |  | 
 |  |  |     |  +- _ENTER_BINARY_L      (see above)
 |  |  |     |  |  
 |  |  |     |  +- _LCMP_k_rel_j       
 |  |  |     |       
 |  |  |     +- _COPY               
 |  |  |     |    
 |  |  |     +- _LSUB               
 |  |  |     |  | 
 |  |  |     |  +- _ENTER_BINARY_L      (see above)
 |  |  |     |  |  
 |  |  |     |  +- _LSUB_k_is_k_minus_j
 |  |  |     |       
 |  |  |     +- _FNEG               
 |  |  |     |  | 
 |  |  |     |  +- _ENTER_UNARY_L       (see above)
 |  |  |     |     
 |  |  |     +- frexpf              
 |  |  |     |  | 
 |  |  |     |  +- _COPY                (see above)
 |  |  |     |     
 |  |  |     +- _IDIVS_STAR08       
 |  |  |     |  | 
 |  |  |     |  +- _SPLITSIGN          
 |  |  |     |     | 
 |  |  |     |     +- _IDIVMOD            
 |  |  |     |          
 |  |  |     +- Ten                 
 |  |  |     |  | 
 |  |  |     |  +- _FMUL               
 |  |  |     |  |  | 
 |  |  |     |  |  +- _ENTER_BINARY_L      (see above)
 |  |  |     |  |  |  
 |  |  |     |  |  +- _FMUL_Common        
 |  |  |     |  |     | 
 |  |  |     |  |     +- _UNPACK_k_to_K      
 |  |  |     |  |     |    
 |  |  |     |  |     +- _UNPACK_j_to_L      
 |  |  |     |  |     |    
 |  |  |     |  |     +- _FMUL_K_is_K_times_L
 |  |  |     |  |     |  | 
 |  |  |     |  |     |  +- F_CLRK              
 |  |  |     |  |     |  |    
 |  |  |     |  |     |  +- F_NANK              
 |  |  |     |  |     |  |    
 |  |  |     |  |     |  +- F_INFK              
 |  |  |     |  |     |  |    
 |  |  |     |  |     |  +- F_TLK               
 |  |  |     |  |     |       
 |  |  |     |  |     +- F_NORMK             
 |  |  |     |  |     |  | 
 |  |  |     |  |     |  +- F_CLRK               (see above)
 |  |  |     |  |     |  |  
 |  |  |     |  |     |  +- F_INFK               (see above)
 |  |  |     |  |     |     
 |  |  |     |  |     +- _PACK_K_to_k        
 |  |  |     |  |          
 |  |  |     |  +- _POP32               (see above)
 |  |  |     |  |  
 |  |  |     |  +- _COPY                (see above)
 |  |  |     |     
 |  |  |     +- _FMUL                (see above)
 |  |  |     |  
 |  |  |     +- _FMUL_RC            
 |  |  |     |  | 
 |  |  |     |  +- _ENTER_BINARY_L_RC   (see above)
 |  |  |     |  |  
 |  |  |     |  +- _FMUL_Common         (see above)
 |  |  |     |     
 |  |  |     +- _FADD               
 |  |  |     |  | 
 |  |  |     |  +- _ENTER_BINARY_L      (see above)
 |  |  |     |  |  
 |  |  |     |  +- _FADD_Common        
 |  |  |     |     | 
 |  |  |     |     +- _UNPACK_k_to_K       (see above)
 |  |  |     |     |  
 |  |  |     |     +- _UNPACK_j_to_L       (see above)
 |  |  |     |     |  
 |  |  |     |     +- _FADD_K_is_K_plus_L 
 |  |  |     |     |  | 
 |  |  |     |     |  +- F_NANK               (see above)
 |  |  |     |     |  |  
 |  |  |     |     |  +- F_TLK                (see above)
 |  |  |     |     |  |  
 |  |  |     |     |  +- F_XGKL              
 |  |  |     |     |       
 |  |  |     |     +- F_NORMK              (see above)
 |  |  |     |     |  
 |  |  |     |     +- _PACK_K_to_k         (see above)
 |  |  |     |        
 |  |  |     +- _FSTRUNC            
 |  |  |     |  | 
 |  |  |     |  +- _ENTER_UNARY_L       (see above)
 |  |  |     |  |  
 |  |  |     |  +- _UNPACK_k_to_K_Unary
 |  |  |     |  |    
 |  |  |     |  +- _F_LONGK            
 |  |  |     |     | 
 |  |  |     |     +- _NEG_L_HX           
 |  |  |     |          
 |  |  |     +- _FUFLOAT            
 |  |  |     |  | 
 |  |  |     |  +- _ENTER_UNARY_L       (see above)
 |  |  |     |  |  
 |  |  |     |  +- _F_FLOATK           
 |  |  |     |  |  | 
 |  |  |     |  |  +- F_CLRK_Unary        
 |  |  |     |  |       
 |  |  |     |  +- _PACK_K_to_k_Unary  
 |  |  |     |       
 |  |  |     +- _FSUB               
 |  |  |     |  | 
 |  |  |     |  +- _ENTER_BINARY_L      (see above)
 |  |  |     |  |  
 |  |  |     |  +- _FSUB_Common        
 |  |  |     |     | 
 |  |  |     |     +- _FADD_Common         (see above)
 |  |  |     |        
 |  |  |     +- _FADD_RC            
 |  |  |     |  | 
 |  |  |     |  +- _ENTER_BINARY_L_RC   (see above)
 |  |  |     |  |  
 |  |  |     |  +- _FADD_Common         (see above)
 |  |  |     |     
 |  |  |     +- _ICMP                (see above)
 |  |  |     |  
 |  |  |     +- _BMODS              
 |  |  |     |    
 |  |  |     +- _LDIVU_RC            (see above)
 |  |  |     |  
 |  |  |     +- _LMODU_RC            (see above)
 |  |  |     |  
 |  |  |     +- _BDIVS              
 |  |  |     |    
 |  |  |     +- _FCMP_RC            
 |  |  |        | 
 |  |  |        +- _ENTER_BINARY_L_RC   (see above)
 |  |  |        |  
 |  |  |        +- _FCMP_k_rel_j       
 |  |  |             
 |  |  +- rtm_stop_p          
 |  |     | 
 |  |     +- rtmon_SWI           
 |  |     |  | 
 |  |     |  +- TOF_int             
 |  |     |     | 
 |  |     |     +- rtmon_kernel        
 |  |     |        | 
 |  |     |        +- rtmon_initprocstack  (see above)
 |  |     |        |  
 |  |     |        +- rtmon_scheduler     
 |  |     |        |    
 |  |     |        +- rtmon_refreshqwaiting
 |  |     |        |    
 |  |     |        +- rtmon_pq_findhiestpriority
 |  |     |             
 |  |     +- rtmon_initprocstack  (see above)
 |  |        
 |  +- rtm_create_p         (see above)
 |  |  
 |  +- keyboard            
 |  |  | 
 |  |  +- douta               
 |  |  |  | 
 |  |  |  +- wr_data             
 |  |  |     | 
 |  |  |     +- w500ns               (see above)
 |  |  |     |  
 |  |  |     +- waitbf               (see above)
 |  |  |        
 |  |  +- rtm_delay_p         
 |  |  |  | 
 |  |  |  +- rtm_InitTimer       
 |  |  |  |    
 |  |  |  +- rtmon_SWI            (see above)
 |  |  |     
 |  |  +- gpio_led_on         
 |  |  |    
 |  |  +- rtm_stop_p           (see above)
 |  |  |  
 |  |  +- dcls                 (see above)
 |  |  |  
 |  |  +- _LMODU_RC            (see above)
 |  |  |  
 |  |  +- _LMUL_RC             (see above)
 |  |  |  
 |  |  +- _LDIVU_RC            (see above)
 |  |  |  
 |  |  +- sprintf              (see above)
 |  |  |  
 |  |  +- dtext                (see above)
 |  |  |  
 |  |  +- rtm_start_p         
 |  |  |  | 
 |  |  |  +- rtmon_SWI            (see above)
 |  |  |     
 |  |  +- _LADD                (see above)
 |  |  |  
 |  |  +- _POP32               (see above)
 |  |  |  
 |  |  +- _IMUL_STAR08         (see above)
 |  |  |  
 |  |  +- rtm_ch_period_p     
 |  |  |    
 |  |  +- driver_pracka_vypust
 |  |  |  | 
 |  |  |  +- gpio_write_c        
 |  |  |  |    
 |  |  |  +- gpio_write_d        
 |  |  |       
 |  |  +- driver_pracka_napust
 |  |  |  | 
 |  |  |  +- gpio_write_c         (see above)
 |  |  |  |  
 |  |  |  +- gpio_write_d         (see above)
 |  |  |     
 |  |  +- driver_pracka_topeni
 |  |  |  | 
 |  |  |  +- gpio_write_c         (see above)
 |  |  |     
 |  |  +- driver_buben_rychlost
 |  |  |  | 
 |  |  |  +- gpio_write_c         (see above)
 |  |  |     
 |  |  +- driver_buben_smer   
 |  |  |  | 
 |  |  |  +- gpio_write_c         (see above)
 |  |  |     
 |  |  +- gpio_button_test    
 |  |  |    
 |  |  +- _IDIVU_STAR08       
 |  |  |  | 
 |  |  |  +- _IDIVMOD             (see above)
 |  |  |     
 |  |  +- gpio_led_off         (see above)
 |  |     
 |  +- program             
 |  |  | 
 |  |  +- dcls                 (see above)
 |  |  |  
 |  |  +- setcursor           
 |  |  |    
 |  |  +- dtext                (see above)
 |  |  |  
 |  |  +- programSequence     
 |  |  |  | 
 |  |  |  +- _IASR               
 |  |  |  |    
 |  |  |  +- _Jump_Table_Header_Offset
 |  |  |  |    
 |  |  |  +- _LCMP                (see above)
 |  |  |  |  
 |  |  |  +- dcls                 (see above)
 |  |  |  |  
 |  |  |  +- dtext                (see above)
 |  |  |  |  
 |  |  |  +- setcursor            (see above)
 |  |  |  |  
 |  |  |  +- _LSUB                (see above)
 |  |  |  |  
 |  |  |  +- _LDIVU_RC            (see above)
 |  |  |  |  
 |  |  |  +- _LMUL_RC             (see above)
 |  |  |  |  
 |  |  |  +- sprintf              (see above)
 |  |  |  |  
 |  |  |  +- predpirka           
 |  |  |  |  | 
 |  |  |  |  +- driver_pracka_napust (see above)
 |  |  |  |  |  
 |  |  |  |  +- driver_pracka_hladina
 |  |  |  |  |  | 
 |  |  |  |  |  +- gpio_read_d         
 |  |  |  |  |  |    
 |  |  |  |  |  +- gpio_read_e         
 |  |  |  |  |       
 |  |  |  |  +- tocBubnem           
 |  |  |  |  |  | 
 |  |  |  |  |  +- _SEXT16_32           (see above)
 |  |  |  |  |  |  
 |  |  |  |  |  +- _LCMP                (see above)
 |  |  |  |  |  |  
 |  |  |  |  |  +- driver_buben_smer    (see above)
 |  |  |  |  |     
 |  |  |  |  +- dokonciCinnost      
 |  |  |  |     | 
 |  |  |  |     +- driver_pracka_vypust (see above)
 |  |  |  |     |  
 |  |  |  |     +- driver_pracka_hladina (see above)
 |  |  |  |     |  
 |  |  |  |     +- _SEXT16_32           (see above)
 |  |  |  |     |  
 |  |  |  |     +- _LCMP                (see above)
 |  |  |  |        
 |  |  |  +- hlavniPrani         
 |  |  |  |  | 
 |  |  |  |  +- _ILSR               
 |  |  |  |  |    
 |  |  |  |  +- _PUSH_CC            
 |  |  |  |  |    
 |  |  |  |  +- _POP_CC             
 |  |  |  |  |    
 |  |  |  |  +- _Jump_Table_Offset  
 |  |  |  |  |    
 |  |  |  |  +- driver_pracka_napust (see above)
 |  |  |  |  |  
 |  |  |  |  +- driver_pracka_hladina (see above)
 |  |  |  |  |  
 |  |  |  |  +- driver_pracka_teplota
 |  |  |  |  |  | 
 |  |  |  |  |  +- gpio_read_e          (see above)
 |  |  |  |  |  |  
 |  |  |  |  |  +- gpio_read_d          (see above)
 |  |  |  |  |     
 |  |  |  |  +- driver_pracka_topeni (see above)
 |  |  |  |  |  
 |  |  |  |  +- tocBubnem            (see above)
 |  |  |  |  |  
 |  |  |  |  +- dokonciCinnost       (see above)
 |  |  |  |     
 |  |  |  +- machani             
 |  |  |  |  | 
 |  |  |  |  +- driver_pracka_napust (see above)
 |  |  |  |  |  
 |  |  |  |  +- driver_pracka_hladina (see above)
 |  |  |  |  |  
 |  |  |  |  +- tocBubnem            (see above)
 |  |  |  |  |  
 |  |  |  |  +- dokonciCinnost       (see above)
 |  |  |  |     
 |  |  |  +- zdimani             
 |  |  |  |  | 
 |  |  |  |  +- driver_buben_smer    (see above)
 |  |  |  |  |  
 |  |  |  |  +- driver_buben_rychlost (see above)
 |  |  |  |  |  
 |  |  |  |  +- driver_pracka_vypust (see above)
 |  |  |  |  |  
 |  |  |  |  +- _SEXT16_32           (see above)
 |  |  |  |  |  
 |  |  |  |  +- _LCMP                (see above)
 |  |  |  |     
 |  |  |  +- ukonci              
 |  |  |  |  | 
 |  |  |  |  +- driver_pracka_napust (see above)
 |  |  |  |  |  
 |  |  |  |  +- driver_pracka_vypust (see above)
 |  |  |  |  |  
 |  |  |  |  +- driver_pracka_topeni (see above)
 |  |  |  |  |  
 |  |  |  |  +- driver_buben_rychlost (see above)
 |  |  |  |  |  
 |  |  |  |  +- driver_buben_smer    (see above)
 |  |  |  |  |  
 |  |  |  |  +- driver_pracka_hladina (see above)
 |  |  |  |  |  
 |  |  |  |  +- driver_pracka_teplota (see above)
 |  |  |  |  |  
 |  |  |  |  +- _SEXT16_32           (see above)
 |  |  |  |  |  
 |  |  |  |  +- _LCMP                (see above)
 |  |  |  |     
 |  |  |  +- gpio_led_off         (see above)
 |  |  |  |  
 |  |  |  +- _LADD                (see above)
 |  |  |  |  
 |  |  |  +- _POP32               (see above)
 |  |  |     
 |  |  +- rtm_stop_p           (see above)
 |  |     
 |  +- casPracky           
 |  |  | 
 |  |  +- _LINC               
 |  |  |  | 
 |  |  |  +- _ENTER_UNARY_L       (see above)
 |  |  |     
 |  |  +- _POP32               (see above)
 |  |  |  
 |  |  +- rtm_stop_p           (see above)
 |  |     
 |  +- menu                
 |  |  | 
 |  |  +- dcls                 (see above)
 |  |  |  
 |  |  +- dtext                (see above)
 |  |  |  
 |  |  +- _IMODU_STAR08       
 |  |  |  | 
 |  |  |  +- _IDIVMOD             (see above)
 |  |  |     
 |  |  +- _IMUL_STAR08         (see above)
 |  |  |  
 |  |  +- _IDIVU_STAR08        (see above)
 |  |  |  
 |  |  +- sprintf              (see above)
 |  |     
 |  +- rtm_start_p          (see above)
 |  |  
 |  +- rtm_delay_p          (see above)
 |  |  
 |  +- setcursor            (see above)
 |     
 +- _Startup            
    | 
    +- Init                
    |  | 
    |  +- loadByte            
    |       
    +- main                 (see above)
       
 _ORG00001           
 | 
 +- TOF_int              (see above)
    
*********************************************************************************************
STATISTIC SECTION
---------------------------------------------------------------------------------------------

ExeFile:
--------
Number of blocks to be downloaded: 6
Total size of all blocks to be downloaded: 12988

